// Jest Snapshot v1, https://goo.gl/fbAQLP

exports[`FlowEditor can render without props 1`] = `<div />`;
